[theamitmiglani.com/index.html]
[backblue.gif]
[fade.gif]
[index.html]
[theamitmiglani.com/wp-content/plugins/social-warfare/assets/fonts/sw-icon-fonta7a0.eot]
[theamitmiglani.com/wp-content/plugins/social-warfare/assets/fonts/sw-icon-fonta7a0.woff]
[theamitmiglani.com/wp-content/plugins/social-warfare/assets/fonts/sw-icon-fonta7a0.ttf]
[theamitmiglani.com/wp-content/plugins/social-warfare/assets/fonts/sw-icon-fonta7a0.svg]
[theamitmiglani.com/comments/feed/index.html]
[theamitmiglani.com/feed/index.html]
[theamitmiglani.com/xmlrpc0db0.php]
[theamitmiglani.com/wp-includes/wlwmanifestced8.xml]
[theamitmiglani.com/wp-json/index.html]
[theamitmiglani.com/wp-content/themes/academy-pro/images/faviconced8.ico]
[theamitmiglani.com/xmlrpc.php]
[www.google-analytics.com/analytics.js]
[theamitmiglani.com/wp-content/uploads/2019/10/Amit-Miglaniced8.jpg]
[cdn.taboola.com/libtrc/unip/1266903/tfa.js]
[mc.yandex.ru/metrika/tag.js]
[theamitmiglani.com/amitmiglani/index.html]
[theamitmiglani.com/videos/index.html]
[theamitmiglani.com/contact-us/index.html]
[theamitmiglani.com/demo3/index.html]
[theamitmiglani.com/whoarethebestentrepreneurs/index.html]
[theamitmiglani.com/uncategorized/index.html]
[theamitmiglani.com/which-1-quality-you-only-need-to-become-an-entrepreneur/index.html]
[theamitmiglani.com/entrepreneurship/index.html]
[theamitmiglani.com/index.html]
[theamitmiglani.com/wp-content/plugins/social-warfare/assets/fonts/sw-icon-fonta7a0.svg]
[theamitmiglani.com/wp-content/plugins/social-warfare/assets/js/post-editor/dist/blocks.style.build7e03.css]
[theamitmiglani.com/wp-content/themes/academy-pro/stylebee4.css]
[theamitmiglani.com/wp-includes/css/dist/block-library/style.min7e03.css]
[theamitmiglani.com/wp-content/plugins/woocommerce/packages/woocommerce-blocks/build/vendors-style7db0.css]
[theamitmiglani.com/wp-content/plugins/woocommerce/packages/woocommerce-blocks/build/style7db0.css]
[theamitmiglani.com/wp-includes/css/dist/components/style.min7e03.css]
[theamitmiglani.com/wp-includes/css/dist/block-editor/style.min7e03.css]
[theamitmiglani.com/wp-includes/css/dist/nux/style.min7e03.css]
[theamitmiglani.com/wp-includes/css/dist/editor/style.min7e03.css]
[theamitmiglani.com/wp-content/plugins/captainform/admin/gutenberg/blocks.style.build7e03.css]
[theamitmiglani.com/wp-content/plugins/contact-form-7/images/ajax-loader.gif]
[theamitmiglani.com/wp-content/plugins/contact-form-7/includes/css/styles30ca.css]
[theamitmiglani.com/wp-content/plugins/rate-my-post/public/css/fonts/ratemypost98c1.eot]
[theamitmiglani.com/wp-content/plugins/rate-my-post/public/css/fonts/ratemypost98c1.ttf]
[theamitmiglani.com/wp-content/plugins/rate-my-post/public/css/fonts/ratemypost98c1.woff]
[theamitmiglani.com/wp-content/plugins/rate-my-post/public/css/rate-my-post5606.css]
[theamitmiglani.com/wp-content/plugins/rate-my-post/public/css/fonts/ratemypost98c1.svg]
[theamitmiglani.com/wp-content/plugins/templately/assets/images/logo-icon.svg]
[theamitmiglani.com/wp-content/plugins/templately/assets/css/editor91aa.css]
[theamitmiglani.com/wp-content/plugins/woocommerce/assets/css/woocommerce-layout2aa5.css]
[theamitmiglani.com/wp-content/plugins/woocommerce/assets/css/woocommerce-smallscreen2aa5.css]
[theamitmiglani.com/wp-content/plugins/woocommerce/assets/fonts/star.eot]
[theamitmiglani.com/wp-content/plugins/woocommerce/assets/fonts/stard41d.eot]
[theamitmiglani.com/wp-content/plugins/woocommerce/assets/fonts/star.woff]
[theamitmiglani.com/wp-content/plugins/woocommerce/assets/fonts/star.ttf]
[theamitmiglani.com/wp-content/plugins/woocommerce/assets/fonts/star.svg]
[theamitmiglani.com/wp-content/plugins/woocommerce/assets/fonts/WooCommerce.eot]
[theamitmiglani.com/wp-content/plugins/woocommerce/assets/fonts/WooCommerced41d.eot]
[theamitmiglani.com/wp-content/plugins/woocommerce/assets/fonts/WooCommerce.woff]
[theamitmiglani.com/wp-content/plugins/woocommerce/assets/fonts/WooCommerce.ttf]
[theamitmiglani.com/wp-content/plugins/woocommerce/assets/fonts/WooCommerce.svg]
[theamitmiglani.com/wp-content/plugins/woocommerce/assets/images/icons/loader.svg]
[theamitmiglani.com/wp-content/plugins/woocommerce/assets/images/icons/credit-cards/visa.svg]
[theamitmiglani.com/wp-content/plugins/woocommerce/assets/images/icons/credit-cards/mastercard.svg]
[theamitmiglani.com/wp-content/plugins/woocommerce/assets/images/icons/credit-cards/laser.svg]
[theamitmiglani.com/wp-content/plugins/woocommerce/assets/images/icons/credit-cards/diners.svg]
[theamitmiglani.com/wp-content/plugins/woocommerce/assets/images/icons/credit-cards/maestro.svg]
[theamitmiglani.com/wp-content/plugins/woocommerce/assets/images/icons/credit-cards/jcb.svg]
[theamitmiglani.com/wp-content/plugins/woocommerce/assets/images/icons/credit-cards/amex.svg]
[theamitmiglani.com/wp-content/plugins/woocommerce/assets/images/icons/credit-cards/discover.svg]
[theamitmiglani.com/wp-content/plugins/woocommerce/assets/css/woocommerce2aa5.css]
[theamitmiglani.com/wp-content/themes/academy-pro/lib/woocommerce/academy-woocommercebee4.css]
[theamitmiglani.com/wp-content/plugins/easy-table-of-contents/vendor/icomoon/fonts/ez-toc-icomoon7d8c.eot]
[theamitmiglani.com/wp-content/plugins/easy-table-of-contents/vendor/icomoon/fonts/ez-toc-icomoond41d.eot]
[theamitmiglani.com/wp-content/plugins/easy-table-of-contents/vendor/icomoon/fonts/ez-toc-icomoon7d8c.ttf]
[theamitmiglani.com/wp-content/plugins/easy-table-of-contents/vendor/icomoon/fonts/ez-toc-icomoon7d8c.woff]
[theamitmiglani.com/wp-content/plugins/easy-table-of-contents/vendor/icomoon/fonts/ez-toc-icomoon7d8c.svg]
[theamitmiglani.com/wp-content/plugins/easy-table-of-contents/vendor/icomoon/style.min71cd.css]
[theamitmiglani.com/wp-content/plugins/easy-table-of-contents/assets/css/screen.min71cd.css]
[theamitmiglani.com/wp-content/plugins/wpforms-lite/assets/css/wpforms-basea551.css]
[theamitmiglani.com/wp-content/uploads/essential-addons-elementor/cb70d11b8.minb4ec.css]
[theamitmiglani.com/wp-content/plugins/social-warfare/assets/css/style.min74a9.css]
[theamitmiglani.com/wp-content/themes/academy-pro/css/sp-icons/sp-icons7fd3.eot]
[theamitmiglani.com/wp-content/themes/academy-pro/css/sp-icons/sp-icons7fd3.ttf]
[theamitmiglani.com/wp-content/themes/academy-pro/css/sp-icons/sp-icons7fd3.woff]
[theamitmiglani.com/wp-content/themes/academy-pro/css/sp-iconsbee4.css]
[theamitmiglani.com/wp-content/themes/academy-pro/css/sp-icons/sp-icons7fd3.svg]
[theamitmiglani.com/wp-content/plugins/social-icons-widget-by-wpzoom/assets/font/socicon.eot]
[theamitmiglani.com/wp-content/plugins/social-icons-widget-by-wpzoom/assets/font/socicon.ttf]
[theamitmiglani.com/wp-content/plugins/social-icons-widget-by-wpzoom/assets/font/socicon.woff]
[theamitmiglani.com/wp-content/plugins/social-icons-widget-by-wpzoom/assets/css/socicond762.css]
[theamitmiglani.com/wp-content/plugins/social-icons-widget-by-wpzoom/assets/font/socicon.svg]
[theamitmiglani.com/wp-content/plugins/jetpack/_inc/genericons/genericons/Genericons.eot]
[theamitmiglani.com/wp-content/plugins/jetpack/_inc/genericons/genericons/Genericonsd41d.eot]
[theamitmiglani.com/wp-content/plugins/jetpack/_inc/genericons/genericons/Genericons.ttf]
[theamitmiglani.com/wp-content/plugins/jetpack/_inc/genericons/genericons/genericons5dcc.css]
[theamitmiglani.com/wp-content/plugins/jetpack/_inc/genericons/genericons/Genericons.svg]
[theamitmiglani.com/wp-content/plugins/social-icons-widget-by-wpzoom/assets/font/academicons7538.eot]
[theamitmiglani.com/wp-content/plugins/social-icons-widget-by-wpzoom/assets/font/academicons7538.ttf]
[theamitmiglani.com/wp-content/plugins/social-icons-widget-by-wpzoom/assets/font/academicons7538.woff]
[theamitmiglani.com/wp-content/plugins/social-icons-widget-by-wpzoom/assets/css/academicons.min6615.css]
[theamitmiglani.com/wp-content/plugins/social-icons-widget-by-wpzoom/assets/font/academicons7538.svg]
[theamitmiglani.com/wp-content/plugins/social-icons-widget-by-wpzoom/assets/font/fontawesome-webfont3e6e.eot]
[theamitmiglani.com/wp-content/plugins/social-icons-widget-by-wpzoom/assets/font/fontawesome-webfontd41d.eot]
[theamitmiglani.com/wp-content/plugins/social-icons-widget-by-wpzoom/assets/font/fontawesome-webfont3e6e.woff2]
[theamitmiglani.com/wp-content/plugins/social-icons-widget-by-wpzoom/assets/font/fontawesome-webfont3e6e.woff]
[theamitmiglani.com/wp-content/plugins/social-icons-widget-by-wpzoom/assets/css/font-awesome.min8ae9.css]
[theamitmiglani.com/wp-content/plugins/social-icons-widget-by-wpzoom/assets/font/fontawesome-webfont3e6e.svg]
[theamitmiglani.com/wp-content/plugins/social-icons-widget-by-wpzoom/assets/font/fontawesome-webfont3e6e.ttf]
[theamitmiglani.com/wp-includes/fonts/dashicons2ce6.eot]
[theamitmiglani.com/wp-includes/css/dashicons.min7e03.css]
[theamitmiglani.com/wp-includes/fonts/dashicons2ce6.ttf]
[theamitmiglani.com/wp-content/plugins/wp-coupons-and-deals/assets/img/coupon-code-24.png]
[theamitmiglani.com/wp-content/plugins/wp-coupons-and-deals/assets/img/deal-24.png]
[theamitmiglani.com/wp-content/plugins/wp-coupons-and-deals/assets/css/dist/style.minf3d1.css]
[theamitmiglani.com/wp-content/themes/academy-pro/css/style-frontbee4.css]
[theamitmiglani.com/wp-content/uploads/pum/pum-site-styles178a.css]
[theamitmiglani.com/wp-includes/js/jquery/jqueryf394.js]
[theamitmiglani.com/wp-includes/js/jquery/jquery-migrate.min72ff.js]
[theamitmiglani.com/wp-content/plugins/wp-coupons-and-deals/assets/js/mainf3d1.js]
[theamitmiglani.com/wp-content/plugins/wp-coupons-and-deals/assets/js/clipboard.minf3d1.js]
[theamitmiglani.com/wp-json/oembed/1.0/embed033e.json]
[theamitmiglani.com/wp-json/oembed/1.0/embed5ad1]
[theamitmiglani.com/amitmiglani/index.html]
[theamitmiglani.com/wp-json/oembed/1.0/embeddca3.json]
[assets.pinterest.com/js/pinmarklet2a3b.js]
[theamitmiglani.com/wp-json/oembed/1.0/embed52c5]
[theamitmiglani.com/videos/index.html]
[theamitmiglani.com/wp-json/oembed/1.0/embeda2bd.json]
[theamitmiglani.com/wp-json/oembed/1.0/embed42ff]
[theamitmiglani.com/contact-us/index.html]
[theamitmiglani.com/aboutme/index.html]
[theamitmiglani.com/wp-json/oembed/1.0/embed89e7.json]
[theamitmiglani.com/demo3/feed/index.html]
[theamitmiglani.com/wp-json/oembed/1.0/embed7634]
[perk2.com/widgets/892e9e7b9f298e33dfb87b1168dce4b7.js]
[theamitmiglani.com/demo3/index.html]
[theamitmiglani.com/uncategorized/index.html]
[theamitmiglani.com/uncategorized/feed/index.html]
[theamitmiglani.com/whoarethebestentrepreneurs/feed/index.html]
[theamitmiglani.com/wp-json/oembed/1.0/embed2438.json]
[theamitmiglani.com/wp-json/oembed/1.0/embed7d7f]
[theamitmiglani.com/whoarethebestentrepreneurs/index.html]
[theamitmiglani.com/entrepreneurship/index.html]
[theamitmiglani.com/entrepreneurship/feed/index.html]
[theamitmiglani.com/which-1-quality-you-only-need-to-become-an-entrepreneur/feed/index.html]
[theamitmiglani.com/wp-json/oembed/1.0/embed0c50.json]
[theamitmiglani.com/wp-json/oembed/1.0/embed99ff]
[theamitmiglani.com/which-1-quality-you-only-need-to-become-an-entrepreneur/index.html]
[theamitmiglani.com/wp-admin/admin-ajax.html]
[theamitmiglani.com/wp-content/plugins/contact-form-7/includes/js/scripts30ca.js]
[theamitmiglani.com/wp-content/plugins/rate-my-post/public/js/rate-my-post5606.js]
[theamitmiglani.com/wp-content/plugins/woocommerce/assets/js/jquery-blockui/jquery.blockUI.minfec3.js]
[theamitmiglani.com/wp-content/plugins/woocommerce/assets/js/frontend/add-to-cart.min2aa5.js]
[theamitmiglani.com/wp-content/plugins/woocommerce/assets/js/js-cookie/js.cookie.minfbb7.js]
[theamitmiglani.com/wp-content/plugins/woocommerce/assets/js/frontend/woocommerce.min2aa5.js]
[theamitmiglani.com/wp-content/plugins/woocommerce/assets/js/frontend/cart-fragments.min2aa5.js]
[theamitmiglani.com/wp-content/plugins/social-warfare/assets/js/script.min74a9.js]
[theamitmiglani.com/wp-includes/js/hoverIntent.min0ee5.js]
[theamitmiglani.com/wp-content/themes/genesis/lib/js/menu/superfish.mind52e.js]
[theamitmiglani.com/wp-content/themes/genesis/lib/js/menu/superfish.args.minba93.js]
[theamitmiglani.com/wp-content/themes/genesis/lib/js/skip-links.minba93.js]
[theamitmiglani.com/wp-content/themes/academy-pro/js/jquery.matchHeight.minbee4.js]
[theamitmiglani.com/wp-content/themes/academy-pro/js/globalbee4.js]
[theamitmiglani.com/wp-content/themes/academy-pro/js/responsive-menus.minbee4.js]
[theamitmiglani.com/wp-content/plugins/social-icons-widget-by-wpzoom/assets/js/social-icons-widget-frontend5508.js]
[theamitmiglani.com/wp-includes/js/jquery/ui/core.minca63.js]
[theamitmiglani.com/wp-includes/js/jquery/ui/position.minca63.js]
[theamitmiglani.com/wp-content/uploads/pum/pum-site-scripts438c.js]
[theamitmiglani.com/wp-includes/js/wp-embed.min7e03.js]
[theamitmiglani.com/wp-content/plugins/rate-my-post/public/css/fonts/ratemypost98c1.svg]
[theamitmiglani.com/wp-content/plugins/templately/assets/images/logo-icon.svg]
[theamitmiglani.com/wp-content/plugins/woocommerce/assets/fonts/star.svg]
[theamitmiglani.com/wp-content/plugins/woocommerce/assets/fonts/WooCommerce.svg]
[theamitmiglani.com/wp-content/plugins/woocommerce/assets/images/icons/loader.svg]
[theamitmiglani.com/wp-content/plugins/woocommerce/assets/images/icons/credit-cards/visa.svg]
[theamitmiglani.com/wp-content/plugins/woocommerce/assets/images/icons/credit-cards/mastercard.svg]
[theamitmiglani.com/wp-content/plugins/woocommerce/assets/images/icons/credit-cards/laser.svg]
[theamitmiglani.com/wp-content/plugins/woocommerce/assets/images/icons/credit-cards/diners.svg]
[theamitmiglani.com/wp-content/plugins/woocommerce/assets/images/icons/credit-cards/maestro.svg]
[theamitmiglani.com/wp-content/plugins/woocommerce/assets/images/icons/credit-cards/jcb.svg]
[theamitmiglani.com/wp-content/plugins/woocommerce/assets/images/icons/credit-cards/amex.svg]
[theamitmiglani.com/wp-content/plugins/woocommerce/assets/images/icons/credit-cards/discover.svg]
[theamitmiglani.com/wp-content/plugins/easy-table-of-contents/vendor/icomoon/fonts/ez-toc-icomoon7d8c.svg]
[theamitmiglani.com/wp-content/themes/academy-pro/css/sp-icons/sp-icons7fd3.svg]
[theamitmiglani.com/wp-content/plugins/social-icons-widget-by-wpzoom/assets/font/socicon.svg]
[theamitmiglani.com/wp-content/plugins/jetpack/_inc/genericons/genericons/Genericons.svg]
[theamitmiglani.com/wp-content/plugins/social-icons-widget-by-wpzoom/assets/font/academicons7538.svg]
[theamitmiglani.com/wp-content/plugins/social-icons-widget-by-wpzoom/assets/font/fontawesome-webfont3e6e.svg]
[theamitmiglani.com/wp-content/uploads/essential-addons-elementor/a7b2ace48.min7970.css]
[theamitmiglani.com/wp-content/plugins/elementor/assets/lib/eicons/fonts/eiconsf884.eot]
[theamitmiglani.com/wp-content/plugins/elementor/assets/lib/eicons/fonts/eiconsf884.woff2]
[theamitmiglani.com/wp-content/plugins/elementor/assets/lib/eicons/fonts/eiconsf884.woff]
[theamitmiglani.com/wp-content/plugins/elementor/assets/lib/eicons/css/elementor-icons.min98fe.css]
[theamitmiglani.com/wp-content/plugins/elementor/assets/lib/animations/animations.min7771.css]
[theamitmiglani.com/wp-content/plugins/elementor/assets/css/frontend.min7771.css]
[theamitmiglani.com/wp-content/uploads/elementor/css/post-25222ad7b.css]
[theamitmiglani.com/index6491.html]
[theamitmiglani.com/wp-content/uploads/essential-addons-elementor/a7b2ace48.mindb63.js]
[theamitmiglani.com/wp-content/plugins/elementor/assets/js/frontend-modules.min7771.js]
[theamitmiglani.com/wp-content/plugins/elementor/assets/lib/dialog/dialog.min5cd3.js]
[theamitmiglani.com/wp-content/plugins/elementor/assets/lib/waypoints/waypoints.min5429.js]
[theamitmiglani.com/wp-content/plugins/elementor/assets/lib/swiper/swiper.min40e4.js]
[theamitmiglani.com/wp-content/plugins/elementor/assets/lib/eicons/fonts/eiconsf884.svg]
[theamitmiglani.com/wp-content/plugins/elementor/assets/lib/eicons/fonts/eiconsf884.ttf]
[theamitmiglani.com/wp-content/plugins/elementor/assets/lib/share-link/share-link.min7771.js]
[theamitmiglani.com/wp-content/plugins/elementor/assets/js/frontend.min7771.js]
[theamitmiglani.com/wp-content/uploads/essential-addons-elementor/622ed54ea.mindb63.css]
[theamitmiglani.com/index1dae.html]
[theamitmiglani.com/wp-content/uploads/essential-addons-elementor/60a5b9cbc.mindb63.css]
[theamitmiglani.com/indexcd5b.html]
[theamitmiglani.com/wp-content/uploads/essential-addons-elementor/71007b330.min04e7.css]
[theamitmiglani.com/index9584.html]
[theamitmiglani.com/wp-includes/js/comment-reply.min7e03.js]
[theamitmiglani.com/wp-content/uploads/essential-addons-elementor/379c0f897.min64dd.css]
[theamitmiglani.com/wp-content/uploads/essential-addons-elementor/ef124ba80.min4419.css]
[theamitmiglani.com/index8b75.html]
[theamitmiglani.com/wp-content/plugins/easy-table-of-contents/vendor/smooth-scroll/jquery.smooth-scroll.min0270.js]
[theamitmiglani.com/wp-content/plugins/easy-table-of-contents/vendor/sticky-kit/jquery.sticky-kit.min1a31.js]
[theamitmiglani.com/wp-content/plugins/easy-table-of-contents/vendor/waypoints/jquery.waypoints.min1a31.js]
[theamitmiglani.com/wp-content/plugins/easy-table-of-contents/assets/js/front.min71cd.js]
[theamitmiglani.com/wp-content/uploads/essential-addons-elementor/0dcd09e3c.minf44a.css]
[theamitmiglani.com/wp-content/uploads/essential-addons-elementor/e407edd47.min64dd.css]
[theamitmiglani.com/indexddb4.html]
[theamitmiglani.com/wp-content/plugins/elementor/assets/lib/eicons/fonts/eiconsf884.svg]
[theamitmiglani.com/amitmiglani/Trident/index.html]
[theamitmiglani.com/amitmiglani/Edge/index.html]
[theamitmiglani.com/amitmiglani/Gecko/index.html]
[theamitmiglani.com/amitmiglani/Firefox/index.html]
[theamitmiglani.com/amitmiglani/Version/index.html]
[theamitmiglani.com/amitmiglani/version/index-2.html]
